#
# There is insufficient memory for the Java Runtime Environment to continue.
# Native memory allocation (malloc) failed to allocate 1048576 bytes. Error detail: AllocateHeap
# Possible reasons:
#   The system is out of physical RAM or swap space
#   This process is running with CompressedOops enabled, and the Java Heap may be blocking the growth of the native heap
# Possible solutions:
#   Reduce memory load on the system
#   Increase physical memory or swap space
#   Check if swap backing store is full
#   Decrease Java heap size (-Xmx/-Xms)
#   Decrease number of Java threads
#   Decrease Java thread stack sizes (-Xss)
#   Set larger code cache with -XX:ReservedCodeCacheSize=
#   JVM is running with Unscaled Compressed Oops mode in which the Java heap is
#     placed in the first 4GB address space. The Java Heap base address is the
#     maximum limit for the native heap growth. Please use -XX:HeapBaseMinAddress
#     to set the Java Heap base and to place the Java Heap above 4GB virtual address.
# This output file may be truncated or incomplete.
#
#  Out of Memory Error (allocation.cpp:44), pid=292, tid=38044
#
# JRE version: OpenJDK Runtime Environment Temurin-21.0.8+9 (21.0.8+9) (build 21.0.8+9-LTS)
# Java VM: OpenJDK 64-Bit Server VM Temurin-21.0.8+9 (21.0.8+9-LTS, mixed mode, sharing, tiered, compressed oops, compressed class ptrs, parallel gc, windows-amd64)
# No core dump will be written. Minidumps are not enabled by default on client versions of Windows
#

---------------  S U M M A R Y ------------

Command Line: --add-modules=ALL-SYSTEM --add-opens=java.base/java.util=ALL-UNNAMED --add-opens=java.base/java.lang=ALL-UNNAMED --add-opens=java.base/sun.nio.fs=ALL-UNNAMED -Declipse.application=org.eclipse.jdt.ls.core.id1 -Dosgi.bundles.defaultStartLevel=4 -Declipse.product=org.eclipse.jdt.ls.core.product -Djava.import.generatesMetadataFilesAtProjectRoot=false -DDetectVMInstallationsJob.disabled=true -Dfile.encoding=utf8 -XX:+UseParallelGC -XX:GCTimeRatio=4 -XX:AdaptiveSizePolicyWeight=90 -Dsun.zip.disableMemoryMapping=true -Xmx2G -Xms100m -Xlog:disable -javaagent:c:\Users\50457\.trae-cn\extensions\redhat.java-1.45.0-win32-x64\lombok\lombok-1.18.39-4050.jar -XX:+HeapDumpOnOutOfMemoryError -XX:HeapDumpPath=c:\Users\50457\AppData\Roaming\Trae CN\User\workspaceStorage\d72eabd01a395538d9996123dc0dbc79\redhat.java -Daether.dependencyCollector.impl=bf c:\Users\50457\.trae-cn\extensions\redhat.java-1.45.0-win32-x64\server\plugins\org.eclipse.equinox.launcher_1.7.0.v20250519-0528.jar -configuration c:\Users\50457\AppData\Roaming\Trae CN\User\globalStorage\redhat.java\1.45.0\config_win -data c:\Users\50457\AppData\Roaming\Trae CN\User\workspaceStorage\d72eabd01a395538d9996123dc0dbc79\redhat.java\jdt_ws --pipe=\\.\pipe\lsp-8026335f075504a1ea8bc911332aa2d5-sock

Host: Intel(R) Core(TM) i7-10510U CPU @ 1.80GHz, 8 cores, 15G,  Windows 11 , 64 bit Build 22621 (10.0.22621.5415)
Time: Wed Sep 17 14:18:16 2025 elapsed time: 12864.844996 seconds (0d 3h 34m 24s)

---------------  T H R E A D  ---------------

Current thread (0x000002fcc65e31c0):  JavaThread "Attach Listener" daemon [_thread_in_vm, id=38044, stack(0x000000ffec800000,0x000000ffec900000) (1024K)]

Stack: [0x000000ffec800000,0x000000ffec900000]
Native frames: (J=compiled Java code, j=interpreted, Vv=VM code, C=native code)
V  [jvm.dll+0x6d2449]
V  [jvm.dll+0x8ae341]
V  [jvm.dll+0x8b08be]
V  [jvm.dll+0x8b0fa3]
V  [jvm.dll+0x280c96]
V  [jvm.dll+0xc0347]
V  [jvm.dll+0x6d2cf9]
V  [jvm.dll+0x131116]
V  [jvm.dll+0x3f2d16]
V  [jvm.dll+0x857e6b]
V  [jvm.dll+0x6d0b0d]
C  [ucrtbase.dll+0x29333]
C  [KERNEL32.DLL+0x1259d]
C  [ntdll.dll+0x5af78]


---------------  P R O C E S S  ---------------

Threads class SMR info:
_java_thread_list=0x000002fd11043130, length=35, elements={
0x000002fcafb86430, 0x000002fcc65de810, 0x000002fcc65e0010, 0x000002fcc65e22b0,
0x000002fcc65e31c0, 0x000002fcc65e6c30, 0x000002fcc65e7680, 0x000002fcc65e84b0,
0x000002fd0d041f20, 0x000002fcafbea280, 0x000002fd0d2fd140, 0x000002fd0d6b5700,
0x000002fd0d4b6890, 0x000002fd0ddee2e0, 0x000002fd0d8f5520, 0x000002fd0e3a97c0,
0x000002fd0e2fd450, 0x000002fd0dfa9ae0, 0x000002fd0dfa8730, 0x000002fd0dfaa170,
0x000002fd11953620, 0x000002fd11951be0, 0x000002fd1194e760, 0x000002fd11953cb0,
0x000002fd11955060, 0x000002fd1194f480, 0x000002fd1194e0d0, 0x000002fd1194edf0,
0x000002fd11952270, 0x000002fd11952900, 0x000002fd11950ec0, 0x000002fd11952f90,
0x000002fd0e6a5680, 0x000002fd0ffb2050, 0x000002fd0e126700
}

Java Threads: ( => current thread )
  0x000002fcafb86430 JavaThread "main"                              [_thread_blocked, id=42540, stack(0x000000ffec100000,0x000000ffec200000) (1024K)]
  0x000002fcc65de810 JavaThread "Reference Handler"          daemon [_thread_blocked, id=45140, stack(0x000000ffec500000,0x000000ffec600000) (1024K)]
  0x000002fcc65e0010 JavaThread "Finalizer"                  daemon [_thread_blocked, id=46556, stack(0x000000ffec600000,0x000000ffec700000) (1024K)]
  0x000002fcc65e22b0 JavaThread "Signal Dispatcher"          daemon [_thread_blocked, id=45248, stack(0x000000ffec700000,0x000000ffec800000) (1024K)]
=>0x000002fcc65e31c0 JavaThread "Attach Listener"            daemon [_thread_in_vm, id=38044, stack(0x000000ffec800000,0x000000ffec900000) (1024K)]
  0x000002fcc65e6c30 JavaThread "Service Thread"             daemon [_thread_blocked, id=40808, stack(0x000000ffec900000,0x000000ffeca00000) (1024K)]
  0x000002fcc65e7680 JavaThread "Monitor Deflation Thread"   daemon [_thread_blocked, id=47872, stack(0x000000ffeca00000,0x000000ffecb00000) (1024K)]
  0x000002fcc65e84b0 JavaThread "C2 CompilerThread0"         daemon [_thread_blocked, id=24720, stack(0x000000ffecb00000,0x000000ffecc00000) (1024K)]
  0x000002fd0d041f20 JavaThread "C1 CompilerThread0"         daemon [_thread_blocked, id=36088, stack(0x000000ffecc00000,0x000000ffecd00000) (1024K)]
  0x000002fcafbea280 JavaThread "Common-Cleaner"             daemon [_thread_blocked, id=32652, stack(0x000000ffecd00000,0x000000ffece00000) (1024K)]
  0x000002fd0d2fd140 JavaThread "Notification Thread"        daemon [_thread_blocked, id=15028, stack(0x000000ffece00000,0x000000ffecf00000) (1024K)]
  0x000002fd0d6b5700 JavaThread "Active Thread: Equinox Container: a15c657c-334d-4e0f-85eb-2642fe8c9efc"        [_thread_blocked, id=19032, stack(0x000000ffed600000,0x000000ffed700000) (1024K)]
  0x000002fd0d4b6890 JavaThread "Refresh Thread: Equinox Container: a15c657c-334d-4e0f-85eb-2642fe8c9efc" daemon [_thread_blocked, id=30320, stack(0x000000ffecf00000,0x000000ffed000000) (1024K)]
  0x000002fd0ddee2e0 JavaThread "Framework Event Dispatcher: Equinox Container: a15c657c-334d-4e0f-85eb-2642fe8c9efc" daemon [_thread_blocked, id=37984, stack(0x000000ffed800000,0x000000ffed900000) (1024K)]
  0x000002fd0d8f5520 JavaThread "Start Level: Equinox Container: a15c657c-334d-4e0f-85eb-2642fe8c9efc" daemon [_thread_blocked, id=28480, stack(0x000000ffed900000,0x000000ffeda00000) (1024K)]
  0x000002fd0e3a97c0 JavaThread "Bundle File Closer"         daemon [_thread_blocked, id=48108, stack(0x000000ffedc00000,0x000000ffedd00000) (1024K)]
  0x000002fd0e2fd450 JavaThread "SCR Component Actor"        daemon [_thread_blocked, id=39580, stack(0x000000ffedd00000,0x000000ffede00000) (1024K)]
  0x000002fd0dfa9ae0 JavaThread "Worker-JM"                         [_thread_blocked, id=45904, stack(0x000000ffede00000,0x000000ffedf00000) (1024K)]
  0x000002fd0dfa8730 JavaThread "JNA Cleaner"                daemon [_thread_blocked, id=41664, stack(0x000000ffedf00000,0x000000ffee000000) (1024K)]
  0x000002fd0dfaa170 JavaThread "Java indexing"              daemon [_thread_blocked, id=43312, stack(0x000000ffee400000,0x000000ffee500000) (1024K)]
  0x000002fd11953620 JavaThread "Thread-2"                   daemon [_thread_in_native, id=18868, stack(0x000000ffee900000,0x000000ffeea00000) (1024K)]
  0x000002fd11951be0 JavaThread "Thread-3"                   daemon [_thread_in_native, id=34948, stack(0x000000ffeea00000,0x000000ffeeb00000) (1024K)]
  0x000002fd1194e760 JavaThread "Thread-4"                   daemon [_thread_in_native, id=21444, stack(0x000000ffeeb00000,0x000000ffeec00000) (1024K)]
  0x000002fd11953cb0 JavaThread "Thread-5"                   daemon [_thread_in_native, id=29896, stack(0x000000ffeec00000,0x000000ffeed00000) (1024K)]
  0x000002fd11955060 JavaThread "Thread-6"                   daemon [_thread_in_native, id=38620, stack(0x000000ffeed00000,0x000000ffeee00000) (1024K)]
  0x000002fd1194f480 JavaThread "Thread-7"                   daemon [_thread_in_native, id=44128, stack(0x000000ffeee00000,0x000000ffeef00000) (1024K)]
  0x000002fd1194e0d0 JavaThread "Thread-8"                   daemon [_thread_in_native, id=43988, stack(0x000000ffeef00000,0x000000ffef000000) (1024K)]
  0x000002fd1194edf0 JavaThread "Thread-9"                   daemon [_thread_in_native, id=47292, stack(0x000000ffef000000,0x000000ffef100000) (1024K)]
  0x000002fd11952270 JavaThread "Thread-10"                  daemon [_thread_in_native, id=14488, stack(0x000000ffef100000,0x000000ffef200000) (1024K)]
  0x000002fd11952900 JavaThread "pool-2-thread-1"                   [_thread_blocked, id=34020, stack(0x000000ffef200000,0x000000ffef300000) (1024K)]
  0x000002fd11950ec0 JavaThread "WorkspaceEventsHandler"            [_thread_blocked, id=8616, stack(0x000000ffef300000,0x000000ffef400000) (1024K)]
  0x000002fd11952f90 JavaThread "pool-1-thread-1"                   [_thread_blocked, id=22116, stack(0x000000ffef400000,0x000000ffef500000) (1024K)]
  0x000002fd0e6a5680 JavaThread "Cleaner-0"                  daemon [_thread_blocked, id=14988, stack(0x000000ffee200000,0x000000ffee300000) (1024K)]
  0x000002fd0ffb2050 JavaThread "Worker-29"                         [_thread_blocked, id=41548, stack(0x000000ffebe00000,0x000000ffebf00000) (1024K)]
  0x000002fd0e126700 JavaThread "Worker-32"                         [_thread_blocked, id=41356, stack(0x000000ffeda00000,0x000000ffedb00000) (1024K)]
Total: 35

Other Threads:
  0x000002fcafc1a590 VMThread "VM Thread"                           [id=19384, stack(0x000000ffec400000,0x000000ffec500000) (1024K)]
  0x000002fcc64eca00 WatcherThread "VM Periodic Task Thread"        [id=34660, stack(0x000000ffec300000,0x000000ffec400000) (1024K)]
  0x000002fcafb9b3b0 WorkerThread "GC Thread#0"                     [id=37684, stack(0x000000ffec200000,0x000000ffec300000) (1024K)]
  0x000002fd0d3345e0 WorkerThread "GC Thread#1"                     [id=27480, stack(0x000000ffed000000,0x000000ffed100000) (1024K)]
  0x000002fd0d3b18e0 WorkerThread "GC Thread#2"                     [id=6784, stack(0x000000ffed100000,0x000000ffed200000) (1024K)]
  0x000002fd0d334980 WorkerThread "GC Thread#3"                     [id=14640, stack(0x000000ffed200000,0x000000ffed300000) (1024K)]
  0x000002fd0d334d20 WorkerThread "GC Thread#4"                     [id=42452, stack(0x000000ffed300000,0x000000ffed400000) (1024K)]
  0x000002fd0d3350c0 WorkerThread "GC Thread#5"                     [id=34824, stack(0x000000ffed400000,0x000000ffed500000) (1024K)]
  0x000002fd0db25b60 WorkerThread "GC Thread#6"                     [id=23992, stack(0x000000ffed500000,0x000000ffed600000) (1024K)]
  0x000002fd0d7c0330 WorkerThread "GC Thread#7"                     [id=10040, stack(0x000000ffed700000,0x000000ffed800000) (1024K)]
Total: 10

Threads with active compile tasks:
Total: 0

VM state: not at safepoint (normal execution)

VM Mutex/Monitor currently owned by a thread: None

Heap address: 0x0000000080000000, size: 2048 MB, Compressed Oops mode: 32-bit

CDS archive(s) mapped at: [0x000002fcc7000000-0x000002fcc7ba0000-0x000002fcc7ba0000), size 12189696, SharedBaseAddress: 0x000002fcc7000000, ArchiveRelocationMode: 1.
Compressed class space mapped at: 0x000002fcc8000000-0x000002fd08000000, reserved size: 1073741824
Narrow klass base: 0x000002fcc7000000, Narrow klass shift: 0, Narrow klass range: 0x100000000

GC Precious Log:
 CardTable entry size: 512
 CPUs: 8 total, 8 available
 Memory: 16251M
 Large Page Support: Disabled
 NUMA Support: Disabled
 Compressed Oops: Enabled (32-bit)
 Alignments: Space 512K, Generation 512K, Heap 2M
 Heap Min Capacity: 100M
 Heap Initial Capacity: 100M
 Heap Max Capacity: 2G
 Pre-touch: Disabled
 Parallel Workers: 8

Heap:
 PSYoungGen      total 3072K, used 506K [0x00000000d5580000, 0x00000000d5a00000, 0x0000000100000000)
  eden space 2560K, 12% used [0x00000000d5580000,0x00000000d55ceac8,0x00000000d5800000)
  from space 512K, 37% used [0x00000000d5800000,0x00000000d5830000,0x00000000d5880000)
  to   space 1024K, 0% used [0x00000000d5900000,0x00000000d5900000,0x00000000d5a00000)
 ParOldGen       total 1208832K, used 1208414K [0x0000000080000000, 0x00000000c9c80000, 0x00000000d5580000)
  object space 1208832K, 99% used [0x0000000080000000,0x00000000c9c17af8,0x00000000c9c80000)
 Metaspace       used 84235K, committed 85760K, reserved 1179648K
  class space    used 8165K, committed 8896K, reserved 1048576K

Card table byte_map: [0x000002fcaf510000,0x000002fcaf920000] _byte_map_base: 0x000002fcaf110000

Marking Bits: (ParMarkBitMap*) 0x00007fffc63ca340
 Begin Bits: [0x000002fcc2010000, 0x000002fcc4010000)
 End Bits:   [0x000002fcc4010000, 0x000002fcc6010000)

Polling page: 0x000002fcadb40000

Metaspace:

Usage:
  Non-class:     74.29 MB used.
      Class:      7.97 MB used.
       Both:     82.26 MB used.

Virtual space:
  Non-class space:      128.00 MB reserved,      75.06 MB ( 59%) committed,  2 nodes.
      Class space:        1.00 GB reserved,       8.69 MB ( <1%) committed,  1 nodes.
             Both:        1.12 GB reserved,      83.75 MB (  7%) committed. 

Chunk freelists:
   Non-Class:  4.06 MB
       Class:  7.31 MB
        Both:  11.37 MB

MaxMetaspaceSize: unlimited
CompressedClassSpaceSize: 1.00 GB
Initial GC threshold: 21.00 MB
Current GC threshold: 136.88 MB
CDS: on
 - commit_granule_bytes: 65536.
 - commit_granule_words: 8192.
 - virtual_space_node_default_size: 8388608.
 - enlarge_chunks_in_place: 1.
 - use_allocation_guard: 0.


Internal statistics:

num_allocs_failed_limit: 9.
num_arena_births: 1848.
num_arena_deaths: 418.
num_vsnodes_births: 3.
num_vsnodes_deaths: 0.
num_space_committed: 1340.
num_space_uncommitted: 0.
num_chunks_returned_to_freelist: 521.
num_chunks_taken_from_freelist: 6414.
num_chunk_merges: 155.
num_chunk_splits: 3654.
num_chunks_enlarged: 1943.
num_inconsistent_stats: 0.

CodeHeap 'non-profiled nmethods': size=120000Kb used=31702Kb max_used=31702Kb free=88297Kb
 bounds [0x000002fcba830000, 0x000002fcbc730000, 0x000002fcc1d60000]
CodeHeap 'profiled nmethods': size=120000Kb used=50466Kb max_used=50466Kb free=69533Kb
 bounds [0x000002fcb2d60000, 0x000002fcb5ec0000, 0x000002fcba290000]
CodeHeap 'non-nmethods': size=5760Kb used=1489Kb max_used=1618Kb free=4271Kb
 bounds [0x000002fcba290000, 0x000002fcba500000, 0x000002fcba830000]
CodeCache: size=245760Kb, used=83657Kb, max_used=83786Kb, free=162101Kb
 total_blobs=21457, nmethods=20653, adapters=706, full_count=0
Compilation: enabled, stopped_count=0, restarted_count=0

Compilation events (20 events):
Event: 11128.960 Thread 0x000002fcc65e84b0 26873       4       org.eclipse.core.internal.resources.SaveManager$$Lambda/0x000002fcc87c9df0::visitElement (35 bytes)
Event: 11128.981 Thread 0x000002fcc65e84b0 nmethod 26873 0x000002fcbc723790 code [0x000002fcbc723a20, 0x000002fcbc7248d8]
Event: 11129.065 Thread 0x000002fd0d041f20 26874       3       jdk.internal.math.FormattedFPDecimal::plain (22 bytes)
Event: 11129.065 Thread 0x000002fd0d041f20 nmethod 26874 0x000002fcb462ef10 code [0x000002fcb462f0c0, 0x000002fcb462f258]
Event: 11129.065 Thread 0x000002fd0d041f20 26879       3       jdk.internal.math.FormattedFPDecimal::fillWithDigits (42 bytes)
Event: 11129.069 Thread 0x000002fd0d041f20 nmethod 26879 0x000002fcb5eb7c90 code [0x000002fcb5eb7e60, 0x000002fcb5eb81a0]
Event: 11129.069 Thread 0x000002fd0d041f20 26880       3       java.util.Formatter$FormatSpecifier::addZeros (112 bytes)
Event: 11129.070 Thread 0x000002fd0d041f20 nmethod 26880 0x000002fcb5eb8390 code [0x000002fcb5eb85c0, 0x000002fcb5eb8ca0]
Event: 11129.070 Thread 0x000002fd0d041f20 26875       3       jdk.internal.math.FormattedFPDecimal::round (149 bytes)
Event: 11129.071 Thread 0x000002fd0d041f20 nmethod 26875 0x000002fcb5eb8f90 code [0x000002fcb5eb9180, 0x000002fcb5eb9630]
Event: 11129.071 Thread 0x000002fd0d041f20 26876       3       jdk.internal.math.FormattedFPDecimal::plainChars (39 bytes)
Event: 11129.071 Thread 0x000002fd0d041f20 nmethod 26876 0x000002fcb464b890 code [0x000002fcb464ba60, 0x000002fcb464bcc0]
Event: 11129.071 Thread 0x000002fd0d041f20 26877       3       jdk.internal.math.FormattedFPDecimal::plainCharsPureInteger (47 bytes)
Event: 11129.071 Thread 0x000002fd0d041f20 nmethod 26877 0x000002fcb5eb9790 code [0x000002fcb5eb9960, 0x000002fcb5eb9ca0]
Event: 11129.071 Thread 0x000002fd0d041f20 26878       3       jdk.internal.math.FormattedFPDecimal::fillWithZeros (20 bytes)
Event: 11129.071 Thread 0x000002fd0d041f20 nmethod 26878 0x000002fcb479ce10 code [0x000002fcb479cfc0, 0x000002fcb479d198]
Event: 11363.493 Thread 0x000002fd0d041f20 26881       1       java.lang.Thread::threadContainer (5 bytes)
Event: 11363.494 Thread 0x000002fd0d041f20 nmethod 26881 0x000002fcbc725590 code [0x000002fcbc725720, 0x000002fcbc7257e8]
Event: 11483.427 Thread 0x000002fcc65e84b0 26882       4       sun.nio.ch.Util$BufferCache::isEmpty (13 bytes)
Event: 11483.428 Thread 0x000002fcc65e84b0 nmethod 26882 0x000002fcbc725890 code [0x000002fcbc725a20, 0x000002fcbc725ab8]

GC Heap History (20 events):
Event: 11064.592 GC heap before
{Heap before GC invocations=4193 (full 6):
 PSYoungGen      total 4608K, used 4256K [0x00000000d5580000, 0x00000000d5c00000, 0x0000000100000000)
  eden space 4096K, 100% used [0x00000000d5580000,0x00000000d5980000,0x00000000d5980000)
  from space 512K, 31% used [0x00000000d5980000,0x00000000d59a8000,0x00000000d5a00000)
  to   space 1024K, 0% used [0x00000000d5b00000,0x00000000d5b00000,0x00000000d5c00000)
 ParOldGen       total 1204736K, used 1204628K [0x0000000080000000, 0x00000000c9880000, 0x00000000d5580000)
  object space 1204736K, 99% used [0x0000000080000000,0x00000000c9865128,0x00000000c9880000)
 Metaspace       used 84213K, committed 85696K, reserved 1179648K
  class space    used 8165K, committed 8896K, reserved 1048576K
}
Event: 11064.594 GC heap after
{Heap after GC invocations=4193 (full 6):
 PSYoungGen      total 4608K, used 378K [0x00000000d5580000, 0x00000000d5b80000, 0x0000000100000000)
  eden space 4096K, 0% used [0x00000000d5580000,0x00000000d5580000,0x00000000d5980000)
  from space 512K, 73% used [0x00000000d5b00000,0x00000000d5b5e900,0x00000000d5b80000)
  to   space 512K, 0% used [0x00000000d5980000,0x00000000d5980000,0x00000000d5a00000)
 ParOldGen       total 1204736K, used 1204676K [0x0000000080000000, 0x00000000c9880000, 0x00000000d5580000)
  object space 1204736K, 99% used [0x0000000080000000,0x00000000c9871128,0x00000000c9880000)
 Metaspace       used 84213K, committed 85696K, reserved 1179648K
  class space    used 8165K, committed 8896K, reserved 1048576K
}
Event: 11064.621 GC heap before
{Heap before GC invocations=4194 (full 6):
 PSYoungGen      total 4608K, used 4474K [0x00000000d5580000, 0x00000000d5b80000, 0x0000000100000000)
  eden space 4096K, 100% used [0x00000000d5580000,0x00000000d5980000,0x00000000d5980000)
  from space 512K, 73% used [0x00000000d5b00000,0x00000000d5b5e900,0x00000000d5b80000)
  to   space 512K, 0% used [0x00000000d5980000,0x00000000d5980000,0x00000000d5a00000)
 ParOldGen       total 1204736K, used 1204676K [0x0000000080000000, 0x00000000c9880000, 0x00000000d5580000)
  object space 1204736K, 99% used [0x0000000080000000,0x00000000c9871128,0x00000000c9880000)
 Metaspace       used 84213K, committed 85696K, reserved 1179648K
  class space    used 8165K, committed 8896K, reserved 1048576K
}
Event: 11064.625 GC heap after
{Heap after GC invocations=4194 (full 6):
 PSYoungGen      total 4608K, used 512K [0x00000000d5580000, 0x00000000d5b80000, 0x0000000100000000)
  eden space 4096K, 0% used [0x00000000d5580000,0x00000000d5580000,0x00000000d5980000)
  from space 512K, 100% used [0x00000000d5980000,0x00000000d5a00000,0x00000000d5a00000)
  to   space 1024K, 0% used [0x00000000d5a80000,0x00000000d5a80000,0x00000000d5b80000)
 ParOldGen       total 1205248K, used 1204798K [0x0000000080000000, 0x00000000c9900000, 0x00000000d5580000)
  object space 1205248K, 99% used [0x0000000080000000,0x00000000c988fa48,0x00000000c9900000)
 Metaspace       used 84213K, committed 85696K, reserved 1179648K
  class space    used 8165K, committed 8896K, reserved 1048576K
}
Event: 11064.652 GC heap before
{Heap before GC invocations=4195 (full 6):
 PSYoungGen      total 4608K, used 4608K [0x00000000d5580000, 0x00000000d5b80000, 0x0000000100000000)
  eden space 4096K, 100% used [0x00000000d5580000,0x00000000d5980000,0x00000000d5980000)
  from space 512K, 100% used [0x00000000d5980000,0x00000000d5a00000,0x00000000d5a00000)
  to   space 1024K, 0% used [0x00000000d5a80000,0x00000000d5a80000,0x00000000d5b80000)
 ParOldGen       total 1205248K, used 1204798K [0x0000000080000000, 0x00000000c9900000, 0x00000000d5580000)
  object space 1205248K, 99% used [0x0000000080000000,0x00000000c988fa48,0x00000000c9900000)
 Metaspace       used 84213K, committed 85696K, reserved 1179648K
  class space    used 8165K, committed 8896K, reserved 1048576K
}
Event: 11064.657 GC heap after
{Heap after GC invocations=4195 (full 6):
 PSYoungGen      total 3584K, used 994K [0x00000000d5580000, 0x00000000d5e80000, 0x0000000100000000)
  eden space 2560K, 0% used [0x00000000d5580000,0x00000000d5580000,0x00000000d5800000)
  from space 1024K, 97% used [0x00000000d5a80000,0x00000000d5b788b0,0x00000000d5b80000)
  to   space 2560K, 0% used [0x00000000d5800000,0x00000000d5800000,0x00000000d5a80000)
 ParOldGen       total 1205760K, used 1205749K [0x0000000080000000, 0x00000000c9980000, 0x00000000d5580000)
  object space 1205760K, 99% used [0x0000000080000000,0x00000000c997d7b0,0x00000000c9980000)
 Metaspace       used 84213K, committed 85696K, reserved 1179648K
  class space    used 8165K, committed 8896K, reserved 1048576K
}
Event: 11064.669 GC heap before
{Heap before GC invocations=4196 (full 6):
 PSYoungGen      total 3584K, used 3554K [0x00000000d5580000, 0x00000000d5e80000, 0x0000000100000000)
  eden space 2560K, 100% used [0x00000000d5580000,0x00000000d5800000,0x00000000d5800000)
  from space 1024K, 97% used [0x00000000d5a80000,0x00000000d5b788b0,0x00000000d5b80000)
  to   space 2560K, 0% used [0x00000000d5800000,0x00000000d5800000,0x00000000d5a80000)
 ParOldGen       total 1205760K, used 1205749K [0x0000000080000000, 0x00000000c9980000, 0x00000000d5580000)
  object space 1205760K, 99% used [0x0000000080000000,0x00000000c997d7b0,0x00000000c9980000)
 Metaspace       used 84213K, committed 85696K, reserved 1179648K
  class space    used 8165K, committed 8896K, reserved 1048576K
}
Event: 11064.672 GC heap after
{Heap after GC invocations=4196 (full 6):
 PSYoungGen      total 3584K, used 946K [0x00000000d5580000, 0x00000000d5b00000, 0x0000000100000000)
  eden space 2560K, 0% used [0x00000000d5580000,0x00000000d5580000,0x00000000d5800000)
  from space 1024K, 92% used [0x00000000d5800000,0x00000000d58ec8c0,0x00000000d5900000)
  to   space 1536K, 0% used [0x00000000d5980000,0x00000000d5980000,0x00000000d5b00000)
 ParOldGen       total 1206784K, used 1206757K [0x0000000080000000, 0x00000000c9a80000, 0x00000000d5580000)
  object space 1206784K, 99% used [0x0000000080000000,0x00000000c9a797f0,0x00000000c9a80000)
 Metaspace       used 84213K, committed 85696K, reserved 1179648K
  class space    used 8165K, committed 8896K, reserved 1048576K
}
Event: 11064.686 GC heap before
{Heap before GC invocations=4197 (full 6):
 PSYoungGen      total 3584K, used 3506K [0x00000000d5580000, 0x00000000d5b00000, 0x0000000100000000)
  eden space 2560K, 100% used [0x00000000d5580000,0x00000000d5800000,0x00000000d5800000)
  from space 1024K, 92% used [0x00000000d5800000,0x00000000d58ec8c0,0x00000000d5900000)
  to   space 1536K, 0% used [0x00000000d5980000,0x00000000d5980000,0x00000000d5b00000)
 ParOldGen       total 1206784K, used 1206757K [0x0000000080000000, 0x00000000c9a80000, 0x00000000d5580000)
  object space 1206784K, 99% used [0x0000000080000000,0x00000000c9a797f0,0x00000000c9a80000)
 Metaspace       used 84213K, committed 85696K, reserved 1179648K
  class space    used 8165K, committed 8896K, reserved 1048576K
}
Event: 11064.688 GC heap after
{Heap after GC invocations=4197 (full 6):
 PSYoungGen      total 3072K, used 346K [0x00000000d5580000, 0x00000000d5a00000, 0x0000000100000000)
  eden space 2560K, 0% used [0x00000000d5580000,0x00000000d5580000,0x00000000d5800000)
  from space 512K, 67% used [0x00000000d5980000,0x00000000d59d6900,0x00000000d5a00000)
  to   space 1024K, 0% used [0x00000000d5800000,0x00000000d5800000,0x00000000d5900000)
 ParOldGen       total 1207296K, used 1206925K [0x0000000080000000, 0x00000000c9b00000, 0x00000000d5580000)
  object space 1207296K, 99% used [0x0000000080000000,0x00000000c9aa35d0,0x00000000c9b00000)
 Metaspace       used 84213K, committed 85696K, reserved 1179648K
  class space    used 8165K, committed 8896K, reserved 1048576K
}
Event: 11064.699 GC heap before
{Heap before GC invocations=4198 (full 6):
 PSYoungGen      total 3072K, used 2906K [0x00000000d5580000, 0x00000000d5a00000, 0x0000000100000000)
  eden space 2560K, 100% used [0x00000000d5580000,0x00000000d5800000,0x00000000d5800000)
  from space 512K, 67% used [0x00000000d5980000,0x00000000d59d6900,0x00000000d5a00000)
  to   space 1024K, 0% used [0x00000000d5800000,0x00000000d5800000,0x00000000d5900000)
 ParOldGen       total 1207296K, used 1206925K [0x0000000080000000, 0x00000000c9b00000, 0x00000000d5580000)
  object space 1207296K, 99% used [0x0000000080000000,0x00000000c9aa35d0,0x00000000c9b00000)
 Metaspace       used 84213K, committed 85696K, reserved 1179648K
  class space    used 8165K, committed 8896K, reserved 1048576K
}
Event: 11064.701 GC heap after
{Heap after GC invocations=4198 (full 6):
 PSYoungGen      total 3584K, used 468K [0x00000000d5580000, 0x00000000d5a00000, 0x0000000100000000)
  eden space 2560K, 0% used [0x00000000d5580000,0x00000000d5580000,0x00000000d5800000)
  from space 1024K, 45% used [0x00000000d5800000,0x00000000d5875200,0x00000000d5900000)
  to   space 512K, 0% used [0x00000000d5980000,0x00000000d5980000,0x00000000d5a00000)
 ParOldGen       total 1207296K, used 1206989K [0x0000000080000000, 0x00000000c9b00000, 0x00000000d5580000)
  object space 1207296K, 99% used [0x0000000080000000,0x00000000c9ab35d0,0x00000000c9b00000)
 Metaspace       used 84213K, committed 85696K, reserved 1179648K
  class space    used 8165K, committed 8896K, reserved 1048576K
}
Event: 11064.714 GC heap before
{Heap before GC invocations=4199 (full 6):
 PSYoungGen      total 3584K, used 3028K [0x00000000d5580000, 0x00000000d5a00000, 0x0000000100000000)
  eden space 2560K, 100% used [0x00000000d5580000,0x00000000d5800000,0x00000000d5800000)
  from space 1024K, 45% used [0x00000000d5800000,0x00000000d5875200,0x00000000d5900000)
  to   space 512K, 0% used [0x00000000d5980000,0x00000000d5980000,0x00000000d5a00000)
 ParOldGen       total 1207296K, used 1206989K [0x0000000080000000, 0x00000000c9b00000, 0x00000000d5580000)
  object space 1207296K, 99% used [0x0000000080000000,0x00000000c9ab35d0,0x00000000c9b00000)
 Metaspace       used 84213K, committed 85696K, reserved 1179648K
  class space    used 8165K, committed 8896K, reserved 1048576K
}
Event: 11064.717 GC heap after
{Heap after GC invocations=4199 (full 6):
 PSYoungGen      total 3072K, used 436K [0x00000000d5580000, 0x00000000d5a00000, 0x0000000100000000)
  eden space 2560K, 0% used [0x00000000d5580000,0x00000000d5580000,0x00000000d5800000)
  from space 512K, 85% used [0x00000000d5980000,0x00000000d59ed200,0x00000000d5a00000)
  to   space 512K, 0% used [0x00000000d5900000,0x00000000d5900000,0x00000000d5980000)
 ParOldGen       total 1207296K, used 1206997K [0x0000000080000000, 0x00000000c9b00000, 0x00000000d5580000)
  object space 1207296K, 99% used [0x0000000080000000,0x00000000c9ab55d0,0x00000000c9b00000)
 Metaspace       used 84213K, committed 85696K, reserved 1179648K
  class space    used 8165K, committed 8896K, reserved 1048576K
}
Event: 11064.729 GC heap before
{Heap before GC invocations=4200 (full 6):
 PSYoungGen      total 3072K, used 2996K [0x00000000d5580000, 0x00000000d5a00000, 0x0000000100000000)
  eden space 2560K, 100% used [0x00000000d5580000,0x00000000d5800000,0x00000000d5800000)
  from space 512K, 85% used [0x00000000d5980000,0x00000000d59ed200,0x00000000d5a00000)
  to   space 512K, 0% used [0x00000000d5900000,0x00000000d5900000,0x00000000d5980000)
 ParOldGen       total 1207296K, used 1206997K [0x0000000080000000, 0x00000000c9b00000, 0x00000000d5580000)
  object space 1207296K, 99% used [0x0000000080000000,0x00000000c9ab55d0,0x00000000c9b00000)
 Metaspace       used 84213K, committed 85696K, reserved 1179648K
  class space    used 8165K, committed 8896K, reserved 1048576K
}
Event: 11064.732 GC heap after
{Heap after GC invocations=4200 (full 6):
 PSYoungGen      total 3072K, used 512K [0x00000000d5580000, 0x00000000d5b00000, 0x0000000100000000)
  eden space 2560K, 0% used [0x00000000d5580000,0x00000000d5580000,0x00000000d5800000)
  from space 512K, 100% used [0x00000000d5900000,0x00000000d5980000,0x00000000d5980000)
  to   space 1536K, 0% used [0x00000000d5980000,0x00000000d5980000,0x00000000d5b00000)
 ParOldGen       total 1207808K, used 1207754K [0x0000000080000000, 0x00000000c9b80000, 0x00000000d5580000)
  object space 1207808K, 99% used [0x0000000080000000,0x00000000c9b729f8,0x00000000c9b80000)
 Metaspace       used 84213K, committed 85696K, reserved 1179648K
  class space    used 8165K, committed 8896K, reserved 1048576K
}
Event: 11064.749 GC heap before
{Heap before GC invocations=4201 (full 6):
 PSYoungGen      total 3072K, used 3072K [0x00000000d5580000, 0x00000000d5b00000, 0x0000000100000000)
  eden space 2560K, 100% used [0x00000000d5580000,0x00000000d5800000,0x00000000d5800000)
  from space 512K, 100% used [0x00000000d5900000,0x00000000d5980000,0x00000000d5980000)
  to   space 1536K, 0% used [0x00000000d5980000,0x00000000d5980000,0x00000000d5b00000)
 ParOldGen       total 1207808K, used 1207754K [0x0000000080000000, 0x00000000c9b80000, 0x00000000d5580000)
  object space 1207808K, 99% used [0x0000000080000000,0x00000000c9b729f8,0x00000000c9b80000)
 Metaspace       used 84213K, committed 85696K, reserved 1179648K
  class space    used 8165K, committed 8896K, reserved 1048576K
}
Event: 11064.755 GC heap after
{Heap after GC invocations=4201 (full 6):
 PSYoungGen      total 4096K, used 1154K [0x00000000d5580000, 0x00000000d5b00000, 0x0000000100000000)
  eden space 2560K, 0% used [0x00000000d5580000,0x00000000d5580000,0x00000000d5800000)
  from space 1536K, 75% used [0x00000000d5980000,0x00000000d5aa0af8,0x00000000d5b00000)
  to   space 1536K, 0% used [0x00000000d5800000,0x00000000d5800000,0x00000000d5980000)
 ParOldGen       total 1208320K, used 1208270K [0x0000000080000000, 0x00000000c9c00000, 0x00000000d5580000)
  object space 1208320K, 99% used [0x0000000080000000,0x00000000c9bf3a08,0x00000000c9c00000)
 Metaspace       used 84213K, committed 85696K, reserved 1179648K
  class space    used 8165K, committed 8896K, reserved 1048576K
}
Event: 11129.065 GC heap before
{Heap before GC invocations=4202 (full 6):
 PSYoungGen      total 4096K, used 3712K [0x00000000d5580000, 0x00000000d5b00000, 0x0000000100000000)
  eden space 2560K, 99% used [0x00000000d5580000,0x00000000d57ff8c0,0x00000000d5800000)
  from space 1536K, 75% used [0x00000000d5980000,0x00000000d5aa0af8,0x00000000d5b00000)
  to   space 1536K, 0% used [0x00000000d5800000,0x00000000d5800000,0x00000000d5980000)
 ParOldGen       total 1208320K, used 1208270K [0x0000000080000000, 0x00000000c9c00000, 0x00000000d5580000)
  object space 1208320K, 99% used [0x0000000080000000,0x00000000c9bf3a08,0x00000000c9c00000)
 Metaspace       used 84234K, committed 85760K, reserved 1179648K
  class space    used 8165K, committed 8896K, reserved 1048576K
}
Event: 11129.069 GC heap after
{Heap after GC invocations=4202 (full 6):
 PSYoungGen      total 3072K, used 192K [0x00000000d5580000, 0x00000000d5a00000, 0x0000000100000000)
  eden space 2560K, 0% used [0x00000000d5580000,0x00000000d5580000,0x00000000d5800000)
  from space 512K, 37% used [0x00000000d5800000,0x00000000d5830000,0x00000000d5880000)
  to   space 1024K, 0% used [0x00000000d5900000,0x00000000d5900000,0x00000000d5a00000)
 ParOldGen       total 1208832K, used 1208414K [0x0000000080000000, 0x00000000c9c80000, 0x00000000d5580000)
  object space 1208832K, 99% used [0x0000000080000000,0x00000000c9c17af8,0x00000000c9c80000)
 Metaspace       used 84234K, committed 85760K, reserved 1179648K
  class space    used 8165K, committed 8896K, reserved 1048576K
}

Dll operation events (10 events):
Event: 0.059 Loaded shared library c:\Users\50457\.trae-cn\extensions\redhat.java-1.45.0-win32-x64\jre\21.0.8-win32-x86_64\bin\java.dll
Event: 0.239 Loaded shared library c:\Users\50457\.trae-cn\extensions\redhat.java-1.45.0-win32-x64\jre\21.0.8-win32-x86_64\bin\zip.dll
Event: 0.456 Loaded shared library C:\Users\50457\.trae-cn\extensions\redhat.java-1.45.0-win32-x64\jre\21.0.8-win32-x86_64\bin\instrument.dll
Event: 0.465 Loaded shared library C:\Users\50457\.trae-cn\extensions\redhat.java-1.45.0-win32-x64\jre\21.0.8-win32-x86_64\bin\net.dll
Event: 0.474 Loaded shared library C:\Users\50457\.trae-cn\extensions\redhat.java-1.45.0-win32-x64\jre\21.0.8-win32-x86_64\bin\nio.dll
Event: 0.480 Loaded shared library C:\Users\50457\.trae-cn\extensions\redhat.java-1.45.0-win32-x64\jre\21.0.8-win32-x86_64\bin\zip.dll
Event: 0.519 Loaded shared library C:\Users\50457\.trae-cn\extensions\redhat.java-1.45.0-win32-x64\jre\21.0.8-win32-x86_64\bin\jimage.dll
Event: 0.734 Loaded shared library c:\Users\50457\.trae-cn\extensions\redhat.java-1.45.0-win32-x64\jre\21.0.8-win32-x86_64\bin\verify.dll
Event: 4.802 Loaded shared library C:\Users\50457\AppData\Roaming\Trae CN\User\globalStorage\redhat.java\1.45.0\config_win\org.eclipse.equinox.launcher\org.eclipse.equinox.launcher.win32.win32.x86_64_1.2.1400.v20250801-0854\eclipse_11916.dll
Event: 8.418 Loaded shared library C:\Users\50457\AppData\Local\Temp\jna-50428251\jna9044097402643576101.dll

Deoptimization events (20 events):
Event: 11063.755 Thread 0x000002fd0ffb2050 Uncommon trap: trap_request=0xffffffbe fr.pc=0x000002fcbc5cc96c relative=0x00000000000012cc
Event: 11063.755 Thread 0x000002fd0ffb2050 Uncommon trap: reason=profile_predicate action=maybe_recompile pc=0x000002fcbc5cc96c method=org.eclipse.aether.DefaultRepositorySystemSession.copySafe(Ljava/util/Map;Ljava/lang/Class;)Ljava/util/Map; @ 66 c2
Event: 11063.755 Thread 0x000002fd0ffb2050 DEOPT PACKING pc=0x000002fcbc5cc96c sp=0x000000ffebefe860
Event: 11063.755 Thread 0x000002fd0ffb2050 DEOPT UNPACKING pc=0x000002fcba2e3aa2 sp=0x000000ffebefe858 mode 2
Event: 11063.758 Thread 0x000002fd0ffb2050 Uncommon trap: trap_request=0xffffffbe fr.pc=0x000002fcbc5cc96c relative=0x00000000000012cc
Event: 11063.758 Thread 0x000002fd0ffb2050 Uncommon trap: reason=profile_predicate action=maybe_recompile pc=0x000002fcbc5cc96c method=org.eclipse.aether.DefaultRepositorySystemSession.copySafe(Ljava/util/Map;Ljava/lang/Class;)Ljava/util/Map; @ 66 c2
Event: 11063.758 Thread 0x000002fd0ffb2050 DEOPT PACKING pc=0x000002fcbc5cc96c sp=0x000000ffebefdbd0
Event: 11063.758 Thread 0x000002fd0ffb2050 DEOPT UNPACKING pc=0x000002fcba2e3aa2 sp=0x000000ffebefdbc8 mode 2
Event: 11063.762 Thread 0x000002fd0ffb2050 Uncommon trap: trap_request=0xffffffbe fr.pc=0x000002fcbc5cc96c relative=0x00000000000012cc
Event: 11063.762 Thread 0x000002fd0ffb2050 Uncommon trap: reason=profile_predicate action=maybe_recompile pc=0x000002fcbc5cc96c method=org.eclipse.aether.DefaultRepositorySystemSession.copySafe(Ljava/util/Map;Ljava/lang/Class;)Ljava/util/Map; @ 66 c2
Event: 11063.762 Thread 0x000002fd0ffb2050 DEOPT PACKING pc=0x000002fcbc5cc96c sp=0x000000ffebefdbd0
Event: 11063.762 Thread 0x000002fd0ffb2050 DEOPT UNPACKING pc=0x000002fcba2e3aa2 sp=0x000000ffebefdbc8 mode 2
Event: 11063.778 Thread 0x000002fd0ffb26e0 Uncommon trap: trap_request=0xffffff6e fr.pc=0x000002fcbc6ed434 relative=0x0000000000001294
Event: 11063.778 Thread 0x000002fd0ffb26e0 Uncommon trap: reason=loop_limit_check action=maybe_recompile pc=0x000002fcbc6ed434 method=org.eclipse.jdt.internal.compiler.lookup.MethodVerifier.computeMethods()V @ 140 c2
Event: 11063.778 Thread 0x000002fd0ffb26e0 DEOPT PACKING pc=0x000002fcbc6ed434 sp=0x000000ffee1fe500
Event: 11063.778 Thread 0x000002fd0ffb26e0 DEOPT UNPACKING pc=0x000002fcba2e3aa2 sp=0x000000ffee1fe4d0 mode 2
Event: 11064.733 Thread 0x000002fd0ffb2050 Uncommon trap: trap_request=0xffffff45 fr.pc=0x000002fcba948b54 relative=0x0000000000000314
Event: 11064.733 Thread 0x000002fd0ffb2050 Uncommon trap: reason=unstable_if action=reinterpret pc=0x000002fcba948b54 method=org.eclipse.jdt.internal.compiler.codegen.CodeStream.aload(I)V @ 147 c2
Event: 11064.733 Thread 0x000002fd0ffb2050 DEOPT PACKING pc=0x000002fcba948b54 sp=0x000000ffebefe3a0
Event: 11064.733 Thread 0x000002fd0ffb2050 DEOPT UNPACKING pc=0x000002fcba2e3aa2 sp=0x000000ffebefe2b8 mode 2

Classes loaded (20 events):
Event: 3729.295 Loading class java/io/ObjectOutputStream$ReplaceTable
Event: 3729.295 Loading class java/io/ObjectOutputStream$ReplaceTable done
Event: 4450.486 Loading class java/util/stream/ReferencePipeline$15
Event: 4450.490 Loading class java/util/stream/ReferencePipeline$15 done
Event: 4450.491 Loading class java/util/stream/ReferencePipeline$15$1
Event: 4450.492 Loading class java/util/stream/ReferencePipeline$15$1 done
Event: 4472.783 Loading class java/lang/Throwable$WrappedPrintWriter
Event: 4472.783 Loading class java/lang/Throwable$PrintStreamOrWriter
Event: 4472.783 Loading class java/lang/Throwable$PrintStreamOrWriter done
Event: 4472.783 Loading class java/lang/Throwable$WrappedPrintWriter done
Event: 4473.046 Loading class java/nio/channels/CompletionHandler
Event: 4473.052 Loading class java/nio/channels/CompletionHandler done
Event: 4540.463 Loading class java/io/CharArrayReader
Event: 4540.464 Loading class java/io/CharArrayReader done
Event: 4540.464 Loading class java/util/regex/Pattern$Bound
Event: 4540.464 Loading class java/util/regex/Pattern$Bound done
Event: 4549.540 Loading class java/util/Collections$EmptyListIterator
Event: 4549.540 Loading class java/util/Collections$EmptyListIterator done
Event: 5067.499 Loading class java/util/DualPivotQuicksort$Sorter
Event: 5067.500 Loading class java/util/DualPivotQuicksort$Sorter done

Classes unloaded (20 events):
Event: 3663.475 Thread 0x000002fcafc1a590 Unloading class 0x000002fcc8017400 'java/lang/invoke/LambdaForm$MH+0x000002fcc8017400'
Event: 3663.475 Thread 0x000002fcafc1a590 Unloading class 0x000002fcc8016400 'java/lang/invoke/LambdaForm$MH+0x000002fcc8016400'
Event: 3663.475 Thread 0x000002fcafc1a590 Unloading class 0x000002fcc800d800 'java/lang/invoke/LambdaForm$MH+0x000002fcc800d800'
Event: 3663.475 Thread 0x000002fcafc1a590 Unloading class 0x000002fcc800d400 'java/lang/invoke/LambdaForm$MH+0x000002fcc800d400'
Event: 3663.475 Thread 0x000002fcafc1a590 Unloading class 0x000002fcc800d000 'java/lang/invoke/LambdaForm$MH+0x000002fcc800d000'
Event: 3663.475 Thread 0x000002fcafc1a590 Unloading class 0x000002fcc800cc00 'java/lang/invoke/LambdaForm$MH+0x000002fcc800cc00'
Event: 3663.475 Thread 0x000002fcafc1a590 Unloading class 0x000002fcc800c800 'java/lang/invoke/LambdaForm$BMH+0x000002fcc800c800'
Event: 3663.475 Thread 0x000002fcafc1a590 Unloading class 0x000002fcc800c000 'java/lang/invoke/LambdaForm$DMH+0x000002fcc800c000'
Event: 3663.475 Thread 0x000002fcafc1a590 Unloading class 0x000002fcc8008c00 'java/lang/invoke/LambdaForm$MH+0x000002fcc8008c00'
Event: 3663.475 Thread 0x000002fcafc1a590 Unloading class 0x000002fcc8008800 'java/lang/invoke/LambdaForm$MH+0x000002fcc8008800'
Event: 3663.475 Thread 0x000002fcafc1a590 Unloading class 0x000002fcc8008400 'java/lang/invoke/LambdaForm$MH+0x000002fcc8008400'
Event: 3663.475 Thread 0x000002fcafc1a590 Unloading class 0x000002fcc8007000 'java/lang/invoke/LambdaForm$MH+0x000002fcc8007000'
Event: 3663.475 Thread 0x000002fcafc1a590 Unloading class 0x000002fcc8006c00 'java/lang/invoke/LambdaForm$MH+0x000002fcc8006c00'
Event: 3663.475 Thread 0x000002fcafc1a590 Unloading class 0x000002fcc8006800 'java/lang/invoke/LambdaForm$MH+0x000002fcc8006800'
Event: 3663.475 Thread 0x000002fcafc1a590 Unloading class 0x000002fcc8006400 'java/lang/invoke/LambdaForm$MH+0x000002fcc8006400'
Event: 3663.475 Thread 0x000002fcafc1a590 Unloading class 0x000002fcc8005c00 'java/lang/invoke/LambdaForm$BMH+0x000002fcc8005c00'
Event: 3663.476 Thread 0x000002fcafc1a590 Unloading class 0x000002fcc8004800 'java/lang/invoke/LambdaForm$DMH+0x000002fcc8004800'
Event: 3663.476 Thread 0x000002fcafc1a590 Unloading class 0x000002fcc8002400 'java/lang/invoke/LambdaForm$MH+0x000002fcc8002400'
Event: 3663.476 Thread 0x000002fcafc1a590 Unloading class 0x000002fcc8002000 'java/lang/invoke/LambdaForm$MH+0x000002fcc8002000'
Event: 3663.476 Thread 0x000002fcafc1a590 Unloading class 0x000002fcc8001800 'java/lang/invoke/LambdaForm$MH+0x000002fcc8001800'

Classes redefined (0 events):
No events

Internal exceptions (20 events):
Event: 5213.723 Thread 0x000002fd0e6a2890 Implicit null exception at 0x000002fcbb6b9c20 to 0x000002fcbb6b9ed1
Event: 5213.756 Thread 0x000002fd0e6a2890 Implicit null exception at 0x000002fcbb55f7cc to 0x000002fcbb560e94
Event: 5213.758 Thread 0x000002fd0e6a2890 Implicit null exception at 0x000002fcbb9cfe90 to 0x000002fcbb9d071c
Event: 5213.998 Thread 0x000002fd0dfaa170 Exception <a 'sun/nio/fs/WindowsException'{0x00000000d57371e8}> (0x00000000d57371e8) 
thrown [s\src\hotspot\share\prims\jni.cpp, line 520]
Event: 5214.415 Thread 0x000002fd0dfaa170 Exception <a 'sun/nio/fs/WindowsException'{0x00000000d5757210}> (0x00000000d5757210) 
thrown [s\src\hotspot\share\prims\jni.cpp, line 520]
Event: 5265.856 Thread 0x000002fd0dfaa170 Exception <a 'sun/nio/fs/WindowsException'{0x00000000d576b460}> (0x00000000d576b460) 
thrown [s\src\hotspot\share\prims\jni.cpp, line 520]
Event: 5266.521 Thread 0x000002fd0dfaa170 Exception <a 'sun/nio/fs/WindowsException'{0x00000000d57e9290}> (0x00000000d57e9290) 
thrown [s\src\hotspot\share\prims\jni.cpp, line 520]
Event: 5306.277 Thread 0x000002fd0dfaa170 Exception <a 'sun/nio/fs/WindowsException'{0x00000000d55ffee8}> (0x00000000d55ffee8) 
thrown [s\src\hotspot\share\prims\jni.cpp, line 520]
Event: 5306.472 Thread 0x000002fd0dfaa170 Exception <a 'sun/nio/fs/WindowsException'{0x00000000d577fb88}> (0x00000000d577fb88) 
thrown [s\src\hotspot\share\prims\jni.cpp, line 520]
Event: 5357.418 Thread 0x000002fd0dfaa170 Exception <a 'sun/nio/fs/WindowsException'{0x00000000d56d3ae8}> (0x00000000d56d3ae8) 
thrown [s\src\hotspot\share\prims\jni.cpp, line 520]
Event: 5357.603 Thread 0x000002fd0dfaa170 Exception <a 'sun/nio/fs/WindowsException'{0x00000000d55930c0}> (0x00000000d55930c0) 
thrown [s\src\hotspot\share\prims\jni.cpp, line 520]
Event: 10828.799 Thread 0x000002fd0dfaa170 Exception <a 'sun/nio/fs/WindowsException'{0x00000000d570bbb8}> (0x00000000d570bbb8) 
thrown [s\src\hotspot\share\prims\jni.cpp, line 520]
Event: 10829.190 Thread 0x000002fd0dfaa170 Exception <a 'sun/nio/fs/WindowsException'{0x00000000d5584b00}> (0x00000000d5584b00) 
thrown [s\src\hotspot\share\prims\jni.cpp, line 520]
Event: 10912.619 Thread 0x000002fd0dfaa170 Exception <a 'sun/nio/fs/WindowsException'{0x00000000d58aec08}> (0x00000000d58aec08) 
thrown [s\src\hotspot\share\prims\jni.cpp, line 520]
Event: 10912.897 Thread 0x000002fd0dfaa170 Exception <a 'sun/nio/fs/WindowsException'{0x00000000d5758b70}> (0x00000000d5758b70) 
thrown [s\src\hotspot\share\prims\jni.cpp, line 520]
Event: 10914.326 Thread 0x000002fd0dfaa170 Exception <a 'sun/nio/fs/WindowsException'{0x00000000d5798fa8}> (0x00000000d5798fa8) 
thrown [s\src\hotspot\share\prims\jni.cpp, line 520]
Event: 10914.636 Thread 0x000002fd0dfaa170 Exception <a 'sun/nio/fs/WindowsException'{0x00000000d56fe048}> (0x00000000d56fe048) 
thrown [s\src\hotspot\share\prims\jni.cpp, line 520]
Event: 10951.658 Thread 0x000002fd11950830 Implicit null exception at 0x000002fcbc3e0784 to 0x000002fcbc3e0d30
Event: 11063.235 Thread 0x000002fd0dfaa170 Exception <a 'sun/nio/fs/WindowsException'{0x00000000d58e4850}> (0x00000000d58e4850) 
thrown [s\src\hotspot\share\prims\jni.cpp, line 520]
Event: 11063.336 Thread 0x000002fd0dfaa170 Exception <a 'sun/nio/fs/WindowsException'{0x00000000d569d998}> (0x00000000d569d998) 
thrown [s\src\hotspot\share\prims\jni.cpp, line 520]

ZGC Phase Switch (0 events):
No events

VM Operations (20 events):
Event: 12448.345 Executing VM operation: HandshakeAllThreads (HandshakeForDeflation)
Event: 12448.345 Executing VM operation: HandshakeAllThreads (HandshakeForDeflation) done
Event: 12448.345 Executing VM operation: RendezvousGCThreads
Event: 12448.345 Executing VM operation: RendezvousGCThreads done
Event: 12508.351 Executing VM operation: HandshakeAllThreads (HandshakeForDeflation)
Event: 12508.351 Executing VM operation: HandshakeAllThreads (HandshakeForDeflation) done
Event: 12508.351 Executing VM operation: RendezvousGCThreads
Event: 12508.351 Executing VM operation: RendezvousGCThreads done
Event: 12628.617 Executing VM operation: HandshakeAllThreads (HandshakeForDeflation)
Event: 12628.617 Executing VM operation: HandshakeAllThreads (HandshakeForDeflation) done
Event: 12628.617 Executing VM operation: RendezvousGCThreads
Event: 12628.617 Executing VM operation: RendezvousGCThreads done
Event: 12748.818 Executing VM operation: HandshakeAllThreads (HandshakeForDeflation)
Event: 12748.818 Executing VM operation: HandshakeAllThreads (HandshakeForDeflation) done
Event: 12748.818 Executing VM operation: RendezvousGCThreads
Event: 12748.818 Executing VM operation: RendezvousGCThreads done
Event: 12808.836 Executing VM operation: HandshakeAllThreads (HandshakeForDeflation)
Event: 12808.837 Executing VM operation: HandshakeAllThreads (HandshakeForDeflation) done
Event: 12808.837 Executing VM operation: RendezvousGCThreads
Event: 12808.837 Executing VM operation: RendezvousGCThreads done

Memory protections (0 events):
No events

Nmethod flushes (20 events):
Event: 4643.959 Thread 0x000002fcafc1a590 flushing  nmethod 0x000002fcb54c9310
Event: 4643.959 Thread 0x000002fcafc1a590 flushing  nmethod 0x000002fcb54cd410
Event: 4643.959 Thread 0x000002fcafc1a590 flushing  nmethod 0x000002fcb54ce110
Event: 4643.959 Thread 0x000002fcafc1a590 flushing  nmethod 0x000002fcb54d3390
Event: 4643.959 Thread 0x000002fcafc1a590 flushing  nmethod 0x000002fcb54daf10
Event: 4643.959 Thread 0x000002fcafc1a590 flushing  nmethod 0x000002fcb54f8190
Event: 4643.959 Thread 0x000002fcafc1a590 flushing  nmethod 0x000002fcb54ff890
Event: 4643.959 Thread 0x000002fcafc1a590 flushing osr nmethod 0x000002fcb5504d90
Event: 4643.959 Thread 0x000002fcafc1a590 flushing  nmethod 0x000002fcb551d390
Event: 4643.959 Thread 0x000002fcafc1a590 flushing  nmethod 0x000002fcb5524010
Event: 4643.959 Thread 0x000002fcafc1a590 flushing osr nmethod 0x000002fcb55c0e10
Event: 4643.959 Thread 0x000002fcafc1a590 flushing  nmethod 0x000002fcb55c4290
Event: 4643.959 Thread 0x000002fcafc1a590 flushing  nmethod 0x000002fcb55ff110
Event: 4643.959 Thread 0x000002fcafc1a590 flushing  nmethod 0x000002fcb5606290
Event: 4643.959 Thread 0x000002fcafc1a590 flushing  nmethod 0x000002fcb560c710
Event: 4643.959 Thread 0x000002fcafc1a590 flushing  nmethod 0x000002fcb56efc90
Event: 4643.959 Thread 0x000002fcafc1a590 flushing osr nmethod 0x000002fcb56f1a10
Event: 4643.959 Thread 0x000002fcafc1a590 flushing  nmethod 0x000002fcb56f4890
Event: 4643.959 Thread 0x000002fcafc1a590 flushing  nmethod 0x000002fcb5711290
Event: 4643.959 Thread 0x000002fcafc1a590 flushing  nmethod 0x000002fcb57a6790

Events (20 events):
Event: 11123.379 Thread 0x000002fd119556f0 Thread exited: 0x000002fd119556f0
Event: 11123.756 Thread 0x000002fd0e127ab0 Thread exited: 0x000002fd0e127ab0
Event: 11128.828 Thread 0x000002fd0e12c970 Thread exited: 0x000002fd0e12c970
Event: 11128.862 Thread 0x000002fd0e126700 Thread added: 0x000002fd0e69e6f0
Event: 11128.864 Thread 0x000002fd0e69e6f0 Thread exited: 0x000002fd0e69e6f0
Event: 11128.876 Thread 0x000002fd0e126700 Thread added: 0x000002fd0e69faa0
Event: 11128.876 Thread 0x000002fd0e69faa0 Thread exited: 0x000002fd0e69faa0
Event: 11129.004 Thread 0x000002fd0ffb26e0 Thread exited: 0x000002fd0ffb26e0
Event: 11183.396 Thread 0x000002fd0ffb7c30 Thread exited: 0x000002fd0ffb7c30
Event: 11243.410 Thread 0x000002fd11950830 Thread exited: 0x000002fd11950830
Event: 11303.412 Thread 0x000002fd0ffb0ca0 Thread exited: 0x000002fd0ffb0ca0
Event: 11363.416 Thread 0x000002fd1194fb10 Thread exited: 0x000002fd1194fb10
Event: 11363.479 Thread 0x000002fd0ffb0610 Thread exited: 0x000002fd0ffb0610
Event: 11363.479 Thread 0x000002fd0ffb61f0 Thread exited: 0x000002fd0ffb61f0
Event: 11363.480 Thread 0x000002fd0ffb4120 Thread exited: 0x000002fd0ffb4120
Event: 11363.494 Thread 0x000002fd0ffb75a0 Thread exited: 0x000002fd0ffb75a0
Event: 11363.494 Thread 0x000002fd0ffb6880 Thread exited: 0x000002fd0ffb6880
Event: 11363.494 Thread 0x000002fd0ffb5b60 Thread exited: 0x000002fd0ffb5b60
Event: 11423.418 Thread 0x000002fd0ffb6f10 Thread exited: 0x000002fd0ffb6f10
Event: 11483.427 Thread 0x000002fd11951550 Thread exited: 0x000002fd11951550


Dynamic libraries:
0x00007ff7bd3d0000 - 0x00007ff7bd3de000 	c:\Users\50457\.trae-cn\extensions\redhat.java-1.45.0-win32-x64\jre\21.0.8-win32-x86_64\bin\java.exe
0x00007ff82f390000 - 0x00007ff82f5a7000 	C:\Windows\SYSTEM32\ntdll.dll
0x00007ff82dd80000 - 0x00007ff82de44000 	C:\Windows\System32\KERNEL32.DLL
0x00007ff82c750000 - 0x00007ff82cb22000 	C:\Windows\System32\KERNELBASE.dll
0x00007ff8269b0000 - 0x00007ff826a47000 	C:\Windows\SYSTEM32\apphelp.dll
0x00007ff82cda0000 - 0x00007ff82ceb1000 	C:\Windows\System32\ucrtbase.dll
0x00007ff81b0f0000 - 0x00007ff81b108000 	c:\Users\50457\.trae-cn\extensions\redhat.java-1.45.0-win32-x64\jre\21.0.8-win32-x86_64\bin\jli.dll
0x00007ff82efa0000 - 0x00007ff82f151000 	C:\Windows\System32\USER32.dll
0x00007ff82cec0000 - 0x00007ff82cee6000 	C:\Windows\System32\win32u.dll
0x00007ff82d150000 - 0x00007ff82d179000 	C:\Windows\System32\GDI32.dll
0x00007ff82cb30000 - 0x00007ff82cc53000 	C:\Windows\System32\gdi32full.dll
0x00007ff82c6b0000 - 0x00007ff82c74a000 	C:\Windows\System32\msvcp_win.dll
0x00007ff81c310000 - 0x00007ff81c32e000 	c:\Users\50457\.trae-cn\extensions\redhat.java-1.45.0-win32-x64\jre\21.0.8-win32-x86_64\bin\VCRUNTIME140.dll
0x00007ff81b620000 - 0x00007ff81b8bb000 	C:\Windows\WinSxS\amd64_microsoft.windows.common-controls_6595b64144ccf1df_6.0.22621.5697_none_27154c497380d676\COMCTL32.dll
0x00007ff82d3c0000 - 0x00007ff82d467000 	C:\Windows\System32\msvcrt.dll
0x00007ff82eb30000 - 0x00007ff82eb61000 	C:\Windows\System32\IMM32.DLL
0x00007ff82a300000 - 0x00007ff82a30c000 	c:\Users\50457\.trae-cn\extensions\redhat.java-1.45.0-win32-x64\jre\21.0.8-win32-x86_64\bin\vcruntime140_1.dll
0x00007ffffb640000 - 0x00007ffffb6cd000 	c:\Users\50457\.trae-cn\extensions\redhat.java-1.45.0-win32-x64\jre\21.0.8-win32-x86_64\bin\msvcp140.dll
0x00007fffc5710000 - 0x00007fffc64a7000 	c:\Users\50457\.trae-cn\extensions\redhat.java-1.45.0-win32-x64\jre\21.0.8-win32-x86_64\bin\server\jvm.dll
0x00007ff82d090000 - 0x00007ff82d141000 	C:\Windows\System32\ADVAPI32.dll
0x00007ff82dcd0000 - 0x00007ff82dd78000 	C:\Windows\System32\sechost.dll
0x00007ff82cef0000 - 0x00007ff82cf18000 	C:\Windows\System32\bcrypt.dll
0x00007ff82d6a0000 - 0x00007ff82d7b7000 	C:\Windows\System32\RPCRT4.dll
0x00007ff82dc40000 - 0x00007ff82dcb1000 	C:\Windows\System32\WS2_32.dll
0x00007ff82c360000 - 0x00007ff82c3ad000 	C:\Windows\SYSTEM32\POWRPROF.dll
0x00007ff826730000 - 0x00007ff826764000 	C:\Windows\SYSTEM32\WINMM.dll
0x00007ff824d20000 - 0x00007ff824d2a000 	C:\Windows\SYSTEM32\VERSION.dll
0x00007ff82c340000 - 0x00007ff82c353000 	C:\Windows\SYSTEM32\UMPDC.dll
0x00007ff82b460000 - 0x00007ff82b478000 	C:\Windows\SYSTEM32\kernel.appcore.dll
0x00007ff8266b0000 - 0x00007ff8266ba000 	c:\Users\50457\.trae-cn\extensions\redhat.java-1.45.0-win32-x64\jre\21.0.8-win32-x86_64\bin\jimage.dll
0x00007ff829d50000 - 0x00007ff829f83000 	C:\Windows\SYSTEM32\DBGHELP.DLL
0x00007ff82ec00000 - 0x00007ff82ef92000 	C:\Windows\System32\combase.dll
0x00007ff82d180000 - 0x00007ff82d258000 	C:\Windows\System32\OLEAUT32.dll
0x00007ff820d90000 - 0x00007ff820dc2000 	C:\Windows\SYSTEM32\dbgcore.DLL
0x00007ff82cf20000 - 0x00007ff82cf9b000 	C:\Windows\System32\bcryptPrimitives.dll
0x00007ff825850000 - 0x00007ff82585f000 	c:\Users\50457\.trae-cn\extensions\redhat.java-1.45.0-win32-x64\jre\21.0.8-win32-x86_64\bin\instrument.dll
0x00007ff81b0b0000 - 0x00007ff81b0cf000 	c:\Users\50457\.trae-cn\extensions\redhat.java-1.45.0-win32-x64\jre\21.0.8-win32-x86_64\bin\java.dll
0x00007ff82e280000 - 0x00007ff82eb21000 	C:\Windows\System32\SHELL32.dll
0x00007ff82cc60000 - 0x00007ff82cd9f000 	C:\Windows\System32\wintypes.dll
0x00007ff82a330000 - 0x00007ff82ac4a000 	C:\Windows\SYSTEM32\windows.storage.dll
0x00007ff82d470000 - 0x00007ff82d57b000 	C:\Windows\System32\SHCORE.dll
0x00007ff82d020000 - 0x00007ff82d089000 	C:\Windows\System32\shlwapi.dll
0x00007ff82c3b0000 - 0x00007ff82c3db000 	C:\Windows\SYSTEM32\profapi.dll
0x00007ff81af70000 - 0x00007ff81af88000 	c:\Users\50457\.trae-cn\extensions\redhat.java-1.45.0-win32-x64\jre\21.0.8-win32-x86_64\bin\zip.dll
0x00007ff821180000 - 0x00007ff821190000 	C:\Users\50457\.trae-cn\extensions\redhat.java-1.45.0-win32-x64\jre\21.0.8-win32-x86_64\bin\net.dll
0x00007ff824b40000 - 0x00007ff824c6c000 	C:\Windows\SYSTEM32\WINHTTP.dll
0x00007ff82b930000 - 0x00007ff82b999000 	C:\Windows\system32\mswsock.dll
0x00007ff818570000 - 0x00007ff818586000 	C:\Users\50457\.trae-cn\extensions\redhat.java-1.45.0-win32-x64\jre\21.0.8-win32-x86_64\bin\nio.dll
0x00007ff8210f0000 - 0x00007ff821100000 	c:\Users\50457\.trae-cn\extensions\redhat.java-1.45.0-win32-x64\jre\21.0.8-win32-x86_64\bin\verify.dll
0x00007ffffb340000 - 0x00007ffffb384000 	C:\Users\50457\AppData\Roaming\Trae CN\User\globalStorage\redhat.java\1.45.0\config_win\org.eclipse.equinox.launcher\org.eclipse.equinox.launcher.win32.win32.x86_64_1.2.1400.v20250801-0854\eclipse_11916.dll
0x00007ff82e010000 - 0x00007ff82e1b0000 	C:\Windows\System32\ole32.dll
0x00007ff82bb80000 - 0x00007ff82bb9b000 	C:\Windows\SYSTEM32\CRYPTSP.dll
0x00007ff82b3c0000 - 0x00007ff82b3f7000 	C:\Windows\system32\rsaenh.dll
0x00007ff82ba20000 - 0x00007ff82ba48000 	C:\Windows\SYSTEM32\USERENV.dll
0x00007ff82bba0000 - 0x00007ff82bbac000 	C:\Windows\SYSTEM32\CRYPTBASE.dll
0x00007ff82aeb0000 - 0x00007ff82aedd000 	C:\Windows\SYSTEM32\IPHLPAPI.DLL
0x00007ff82e000000 - 0x00007ff82e009000 	C:\Windows\System32\NSI.dll
0x00007fffeebb0000 - 0x00007fffeebf9000 	C:\Users\50457\AppData\Local\Temp\jna-50428251\jna9044097402643576101.dll
0x00007ff82d690000 - 0x00007ff82d698000 	C:\Windows\System32\PSAPI.DLL
0x00007ff8249b0000 - 0x00007ff8249c9000 	C:\Windows\SYSTEM32\dhcpcsvc6.DLL
0x00007ff824960000 - 0x00007ff82497f000 	C:\Windows\SYSTEM32\dhcpcsvc.DLL

JVMTI agents:
c:\Users\50457\.trae-cn\extensions\redhat.java-1.45.0-win32-x64\lombok\lombok-1.18.39-4050.jar path:c:\Users\50457\.trae-cn\extensions\redhat.java-1.45.0-win32-x64\jre\21.0.8-win32-x86_64\bin\instrument.dll, loaded, initialized, instrumentlib options:none

dbghelp: loaded successfully - version: 4.0.5 - missing functions: none
symbol engine: initialized successfully - sym options: 0x614 - pdb path: .;c:\Users\50457\.trae-cn\extensions\redhat.java-1.45.0-win32-x64\jre\21.0.8-win32-x86_64\bin;C:\Windows\SYSTEM32;C:\Windows\WinSxS\amd64_microsoft.windows.common-controls_6595b64144ccf1df_6.0.22621.5697_none_27154c497380d676;c:\Users\50457\.trae-cn\extensions\redhat.java-1.45.0-win32-x64\jre\21.0.8-win32-x86_64\bin\server;C:\Users\50457\AppData\Roaming\Trae CN\User\globalStorage\redhat.java\1.45.0\config_win\org.eclipse.equinox.launcher\org.eclipse.equinox.launcher.win32.win32.x86_64_1.2.1400.v20250801-0854;C:\Users\50457\AppData\Local\Temp\jna-50428251

VM Arguments:
jvm_args: --add-modules=ALL-SYSTEM --add-opens=java.base/java.util=ALL-UNNAMED --add-opens=java.base/java.lang=ALL-UNNAMED --add-opens=java.base/sun.nio.fs=ALL-UNNAMED -Declipse.application=org.eclipse.jdt.ls.core.id1 -Dosgi.bundles.defaultStartLevel=4 -Declipse.product=org.eclipse.jdt.ls.core.product -Djava.import.generatesMetadataFilesAtProjectRoot=false -DDetectVMInstallationsJob.disabled=true -Dfile.encoding=utf8 -XX:+UseParallelGC -XX:GCTimeRatio=4 -XX:AdaptiveSizePolicyWeight=90 -Dsun.zip.disableMemoryMapping=true -Xmx2G -Xms100m -Xlog:disable -javaagent:c:\Users\50457\.trae-cn\extensions\redhat.java-1.45.0-win32-x64\lombok\lombok-1.18.39-4050.jar -XX:+HeapDumpOnOutOfMemoryError -XX:HeapDumpPath=c:\Users\50457\AppData\Roaming\Trae CN\User\workspaceStorage\d72eabd01a395538d9996123dc0dbc79\redhat.java -Daether.dependencyCollector.impl=bf 
java_command: c:\Users\50457\.trae-cn\extensions\redhat.java-1.45.0-win32-x64\server\plugins\org.eclipse.equinox.launcher_1.7.0.v20250519-0528.jar -configuration c:\Users\50457\AppData\Roaming\Trae CN\User\globalStorage\redhat.java\1.45.0\config_win -data c:\Users\50457\AppData\Roaming\Trae CN\User\workspaceStorage\d72eabd01a395538d9996123dc0dbc79\redhat.java\jdt_ws --pipe=\\.\pipe\lsp-8026335f075504a1ea8bc911332aa2d5-sock
java_class_path (initial): c:\Users\50457\.trae-cn\extensions\redhat.java-1.45.0-win32-x64\server\plugins\org.eclipse.equinox.launcher_1.7.0.v20250519-0528.jar
Launcher Type: SUN_STANDARD

[Global flags]
    uintx AdaptiveSizePolicyWeight                 = 90                                        {product} {command line}
     intx CICompilerCount                          = 4                                         {product} {ergonomic}
    uintx GCTimeRatio                              = 4                                         {product} {command line}
     bool HeapDumpOnOutOfMemoryError               = true                                   {manageable} {command line}
    ccstr HeapDumpPath                             = c:\Users\50457\AppData\Roaming\Trae CN\User\workspaceStorage\d72eabd01a395538d9996123dc0dbc79\redhat.java         {manageable} {command line}
   size_t InitialHeapSize                          = 104857600                                 {product} {command line}
   size_t MaxHeapSize                              = 2147483648                                {product} {command line}
   size_t MaxNewSize                               = 715653120                                 {product} {ergonomic}
   size_t MinHeapDeltaBytes                        = 524288                                    {product} {ergonomic}
   size_t MinHeapSize                              = 104857600                                 {product} {command line}
   size_t NewSize                                  = 34603008                                  {product} {ergonomic}
    uintx NonNMethodCodeHeapSize                   = 5839372                                {pd product} {ergonomic}
    uintx NonProfiledCodeHeapSize                  = 122909434                              {pd product} {ergonomic}
   size_t OldSize                                  = 70254592                                  {product} {ergonomic}
    uintx ProfiledCodeHeapSize                     = 122909434                              {pd product} {ergonomic}
    uintx ReservedCodeCacheSize                    = 251658240                              {pd product} {ergonomic}
     bool SegmentedCodeCache                       = true                                      {product} {ergonomic}
   size_t SoftMaxHeapSize                          = 2147483648                             {manageable} {ergonomic}
     bool UseCompressedOops                        = true                           {product lp64_product} {ergonomic}
     bool UseLargePagesIndividualAllocation        = false                                  {pd product} {ergonomic}
     bool UseParallelGC                            = true                                      {product} {command line}

Logging:
Log output configuration:
 #0: stdout all=off uptime,level,tags foldmultilines=false
 #1: stderr all=off uptime,level,tags foldmultilines=false

Environment Variables:
JAVA_HOME=C:\Program Files\Java\jdk-1.8
PATH=C:\Users\50457\.trae-cn\tools\gradle\latest\bin;C:\Program Files\Java\jdk-1.8\bin;C:\Users\50457\.trae-cn\tools\maven\latest\bin;C:\mycmd;C:\Windows;C:\Windows\System32\Wbem;C:\Windows\System32\WindowsPowerShell\v1.0\;C:\Windows\System32\OpenSSH\;C:\Program Files (x86)\NVIDIA Corporation\PhysX\Common;C:\Program Files\NVIDIA Corporation\NVIDIA NvDLISR;C:\Windows\system32;C:\Windows;C:\Windows\System32\Wbem;C:\Windows\System32\WindowsPowerShell\v1.0\;C:\Windows\System32\OpenSSH\;D:\Program Files\TortoiseSVN\bin;D:\Program Files\Git\cmd;D:\Program Files (x86)\Microsoft SQL Server\150\Tools\Binn\;D:\Program Files\Microsoft SQL Server\150\Tools\Binn\;D:\Program Files (x86)\Microsoft SQL Server\150\DTS\Binn\;D:\Program Files\Microsoft SQL Server\150\DTS\Binn\;D:\Program Files\Microsoft SQL Server\Client SDK\ODBC\170\Tools\Binn\;D:\nvm;D:\nvm\nodejs;C:\Program Files\Java\jdk-1.8\bin;C:\Program Files\Java\jdk-1.8\jre\bin;C:\Program Files\Java\apache-maven-3.3.9\bin;C:\Users\50457\AppData\Local\Microsoft\WindowsApps;D:\Program Files\cursor\resources\app\bin;C:\Users\50457\AppData\Local\Programs\Microsoft VS Code\bin;D:\nvm;D:\nvm\nodejs;D:\Programs\CodeBuddy CN\bin;d:\Program Files\Trae CN\resources\app\bin\lib
USERNAME=50457
OS=Windows_NT
PROCESSOR_IDENTIFIER=Intel64 Family 6 Model 142 Stepping 12, GenuineIntel
TMP=C:\Users\50457\AppData\Local\Temp
TEMP=C:\Users\50457\AppData\Local\Temp




Periodic native trim disabled

---------------  S Y S T E M  ---------------

OS:
 Windows 11 , 64 bit Build 22621 (10.0.22621.5415)
OS uptime: 8 days 23:50 hours

CPU: total 8 (initial active 8) (4 cores per cpu, 2 threads per core) family 6 model 142 stepping 12 microcode 0xde, cx8, cmov, fxsr, ht, mmx, 3dnowpref, sse, sse2, sse3, ssse3, sse4.1, sse4.2, popcnt, lzcnt, tsc, tscinvbit, avx, avx2, aes, erms, clmul, bmi1, bmi2, adx, fma, vzeroupper, clflush, clflushopt, rdtscp, f16c
Processor Information for the first 8 processors :
  Max Mhz: 2301, Current Mhz: 2301, Mhz Limit: 2301

Memory: 4k page, system-wide physical 16251M (453M free)
TotalPageFile size 42619M (AvailPageFile size 0M)
current process WorkingSet (physical memory assigned to process): 10M, peak: 1331M
current process commit charge ("private bytes"): 1578M, peak: 1582M

vm_info: OpenJDK 64-Bit Server VM (21.0.8+9-LTS) for windows-amd64 JRE (21.0.8+9-LTS), built on 2025-07-15T00:00:00Z by "admin" with MS VC++ 17.7 (VS2022)

END.
